// Jest Snapshot v1, https://goo.gl/fbAQLP

exports[`Test in FirstApp should match with snapshot 1`] = `
<div>
  <h1
    data-testid="test-title"
  >
     
    Buenas
     
  </h1>
  <p>
    No hay subtítulo
  </p>
  <p>
    No hay subtítulo
  </p>
  <p>
    Ozzy
  </p>
</div>
`;
